============================= test session starts =============================
platform win32 -- Python 3.12.3, pytest-9.0.2, pluggy-1.6.0 -- C:\Python312\python.exe
cachedir: .pytest_cache
rootdir: C:\Users\adria\Desktop\PythonProject
plugins: anyio-4.12.1
collecting ... collected 68 items

tests/test_backtester.py::TestPnLCorrectness::test_no_trades_return_zero PASSED [  1%]
tests/test_backtester.py::TestPnLCorrectness::test_equity_decreases_on_losing_long PASSED [  2%]
tests/test_backtester.py::TestMetrics::test_metrics_present PASSED       [  4%]
tests/test_backtester.py::TestMetrics::test_max_drawdown_negative PASSED [  5%]
tests/test_backtester.py::TestMetrics::test_win_rate_bounds PASSED       [  7%]
tests/test_backtester.py::TestMaxConsecutiveLosses::test_empty PASSED    [  8%]
tests/test_backtester.py::TestMaxConsecutiveLosses::test_all_wins PASSED [ 10%]
tests/test_backtester.py::TestMaxConsecutiveLosses::test_all_losses PASSED [ 11%]
tests/test_backtester.py::TestMaxConsecutiveLosses::test_mixed PASSED    [ 13%]
tests/test_backtester.py::TestSLTP::test_trades_have_exit_reason PASSED  [ 14%]
tests/test_indicators.py::TestRSI::test_rsi_range PASSED                 [ 16%]
tests/test_indicators.py::TestRSI::test_rsi_length PASSED                [ 17%]
tests/test_indicators.py::TestRSI::test_rsi_monotonic_up PASSED          [ 19%]
tests/test_indicators.py::TestRSI::test_rsi_monotonic_down PASSED        [ 20%]
tests/test_indicators.py::TestATR::test_atr_positive PASSED              [ 22%]
tests/test_indicators.py::TestATR::test_atr_length PASSED                [ 23%]
tests/test_indicators.py::TestATR::test_atr_flat_prices PASSED           [ 25%]
tests/test_indicators.py::TestBollinger::test_bollinger_keys PASSED      [ 26%]
tests/test_indicators.py::TestBollinger::test_upper_above_lower PASSED   [ 27%]
tests/test_indicators.py::TestBollinger::test_pctb_at_mid_is_half PASSED [ 29%]
tests/test_indicators.py::TestMACD::test_macd_keys PASSED                [ 30%]
tests/test_indicators.py::TestMACD::test_macd_histogram_is_difference PASSED [ 32%]
tests/test_indicators.py::TestADX::test_adx_range PASSED                 [ 33%]
tests/test_indicators.py::TestVWAP::test_vwap_columns PASSED             [ 35%]
tests/test_indicators.py::TestVWAP::test_vwap_between_bands PASSED       [ 36%]
tests/test_indicators.py::TestSessionFeatures::test_session_columns PASSED [ 38%]
tests/test_indicators.py::TestSessionFeatures::test_session_binary PASSED [ 39%]
tests/test_indicators.py::TestOrderFlowProxy::test_positive_for_bullish_bars PASSED [ 41%]
tests/test_indicators.py::TestOrderFlowProxy::test_negative_for_bearish_bars PASSED [ 42%]
tests/test_indicators.py::TestReturnAutocorrelation::test_autocorr_range PASSED [ 44%]
tests/test_integration.py::TestFullPipeline::test_pipeline_runs[ZScoreMeanReversion] PASSED [ 45%]
tests/test_integration.py::TestFullPipeline::test_pipeline_runs[VolatilityBreakout] PASSED [ 47%]
tests/test_integration.py::TestFullPipeline::test_pipeline_runs[VWAPBounceStrategy] PASSED [ 48%]
tests/test_integration.py::TestFullPipeline::test_pipeline_runs[MultiTimeframeMomentum] PASSED [ 50%]
tests/test_integration.py::TestFullPipeline::test_ml_pipeline_runs PASSED [ 51%]
tests/test_integration.py::TestRangeBarGeneration::test_range_bars_have_ohlcv PASSED [ 52%]
tests/test_integration.py::TestRangeBarGeneration::test_range_bars_high_gte_low PASSED [ 54%]
tests/test_integration.py::TestRangeBarGeneration::test_range_bars_volume_positive PASSED [ 55%]
tests/test_integration.py::TestRangeBarGeneration::test_smaller_range_more_bars PASSED [ 57%]
tests/test_integration.py::TestMonteCarlo::test_monte_carlo_with_trades PASSED [ 58%]
tests/test_integration.py::TestMonteCarlo::test_monte_carlo_empty_trades PASSED [ 60%]
tests/test_integration.py::TestAlertManager::test_alert_manager_dedup PASSED [ 61%]
tests/test_integration.py::TestAlertManager::test_symbol_disable PASSED  [ 63%]
tests/test_integration.py::TestAlertManager::test_confidence_threshold PASSED [ 64%]
tests/test_ml_models.py::TestXGBoostRangeBarModel::test_build_features_columns PASSED [ 66%]
tests/test_ml_models.py::TestXGBoostRangeBarModel::test_walk_forward_no_lookahead PASSED [ 67%]
tests/test_ml_models.py::TestXGBoostRangeBarModel::test_predictions_in_range PASSED [ 69%]
tests/test_ml_models.py::TestXGBoostRangeBarModel::test_feature_importance_after_training PASSED [ 70%]
tests/test_ml_models.py::TestXGBoostRangeBarModel::test_cv_scores PASSED [ 72%]
tests/test_ml_models.py::TestXGBoostRangeBarModel::test_predict_proba_untrained PASSED [ 73%]
tests/test_ml_models.py::TestStatArbMLFilter::test_prepare_features PASSED [ 75%]
tests/test_ml_models.py::TestStatArbMLFilter::test_predict_untrained PASSED [ 76%]
tests/test_strategies.py::TestStrategyContract::test_required_columns[ZScoreMeanReversion] PASSED [ 77%]
tests/test_strategies.py::TestStrategyContract::test_required_columns[VolatilityBreakout] PASSED [ 79%]
tests/test_strategies.py::TestStrategyContract::test_required_columns[VWAPBounceStrategy] PASSED [ 80%]
tests/test_strategies.py::TestStrategyContract::test_required_columns[MultiTimeframeMomentum] PASSED [ 82%]
tests/test_strategies.py::TestStrategyContract::test_signal_values[ZScoreMeanReversion] PASSED [ 83%]
tests/test_strategies.py::TestStrategyContract::test_signal_values[VolatilityBreakout] PASSED [ 85%]
tests/test_strategies.py::TestStrategyContract::test_signal_values[VWAPBounceStrategy] PASSED [ 86%]
tests/test_strategies.py::TestStrategyContract::test_signal_values[MultiTimeframeMomentum] PASSED [ 88%]
tests/test_strategies.py::TestMLVolatilityBreakout::test_required_columns PASSED [ 89%]
tests/test_strategies.py::TestMLVolatilityBreakout::test_bull_prob_column PASSED [ 91%]
tests/test_strategies.py::TestZScoreMeanReversion::test_extreme_z_triggers_signal PASSED [ 92%]
tests/test_strategies.py::TestZScoreMeanReversion::test_params_dict PASSED [ 94%]
tests/test_strategies.py::TestVolatilityBreakout::test_breakout_on_new_high PASSED [ 95%]
tests/test_strategies.py::TestStrategyRegistry::test_registry_complete PASSED [ 97%]
tests/test_strategies.py::TestStrategyRegistry::test_registry_instantiation PASSED [ 98%]
tests/test_strategies.py::TestLiquiditySweep::test_no_crash_on_small_data PASSED [100%]

============================= 68 passed in 13.92s =============================
